#-----------------------------------------------------------
# Vivado v2024.2 (64-bit)
# SW Build 5239630 on Fri Nov 08 22:34:34 MST 2024
# IP Build 5239520 on Sun Nov 10 16:12:51 MST 2024
# SharedData Build 5239561 on Fri Nov 08 14:39:27 MST 2024
# Start of session at: Thu Nov  6 16:33:26 2025
# Process ID         : 330885
# Current directory  : /home/elysia/Software/Xilinx/Project/11-6/2023D_lwx.runs/design_1_IQ_DDC_0_0_synth_1
# Command line       : vivado -log design_1_IQ_DDC_0_0.vds -product Vivado -mode batch -messageDb vivado.pb -notrace -source design_1_IQ_DDC_0_0.tcl
# Log file           : /home/elysia/Software/Xilinx/Project/11-6/2023D_lwx.runs/design_1_IQ_DDC_0_0_synth_1/design_1_IQ_DDC_0_0.vds
# Journal file       : /home/elysia/Software/Xilinx/Project/11-6/2023D_lwx.runs/design_1_IQ_DDC_0_0_synth_1/vivado.jou
# Running On         : ubuntu
# Platform           : Ubuntu
# Operating System   : Ubuntu 24.04.3 LTS
# Processor Detail   : 12th Gen Intel(R) Core(TM) i9-12900H
# CPU Frequency      : 3600.036 MHz
# CPU Physical cores : 14
# CPU Logical cores  : 20
# Host memory        : 16478 MB
# Swap memory        : 16383 MB
# Total Virtual      : 32862 MB
# Available Virtual  : 17719 MB
#-----------------------------------------------------------
source design_1_IQ_DDC_0_0.tcl -notrace
